---
source: crates/cli/tests/snapshot_tests.rs
expression: redact_version(&json_str)
---
{
  "schema_version": 3,
  "version": "[VERSION]",
  "elapsed_ms": 0,
  "total_issues": 1,
  "unused_files": [
    {
      "path": "src/dead.ts",
      "actions": [
        {
          "type": "delete-file",
          "auto_fixable": false,
          "description": "Delete this file",
          "note": "File deletion may remove runtime functionality not visible to static analysis"
        },
        {
          "type": "suppress-file",
          "auto_fixable": false,
          "description": "Suppress with a file-level comment at the top of the file",
          "comment": "// fallow-ignore-file unused-file"
        }
      ]
    }
  ],
  "unused_exports": [],
  "unused_types": [],
  "unused_dependencies": [],
  "unused_dev_dependencies": [],
  "unused_optional_dependencies": [],
  "unused_enum_members": [],
  "unused_class_members": [],
  "unresolved_imports": [],
  "unlisted_dependencies": [],
  "duplicate_exports": [],
  "type_only_dependencies": [],
  "test_only_dependencies": [],
  "circular_dependencies": []
}
