---
source: crates/cli/tests/snapshot_tests.rs
expression: redact_version(&json_str)
---
{
  "schema_version": 3,
  "version": "[VERSION]",
  "elapsed_ms": 0,
  "total_issues": 1,
  "unused_files": [],
  "unused_exports": [],
  "unused_types": [],
  "unused_dependencies": [],
  "unused_dev_dependencies": [
    {
      "package_name": "jest",
      "location": "devDependencies",
      "path": "package.json",
      "line": 12,
      "actions": [
        {
          "type": "remove-dependency",
          "auto_fixable": true,
          "description": "Remove from devDependencies in package.json"
        },
        {
          "type": "add-to-config",
          "auto_fixable": false,
          "description": "Add \"jest\" to ignoreDependencies in fallow config",
          "config_key": "ignoreDependencies",
          "value": "jest"
        }
      ]
    }
  ],
  "unused_optional_dependencies": [],
  "unused_enum_members": [],
  "unused_class_members": [],
  "unresolved_imports": [],
  "unlisted_dependencies": [],
  "duplicate_exports": [],
  "type_only_dependencies": [],
  "test_only_dependencies": [],
  "circular_dependencies": [],
  "boundary_violations": []
}
